........................................................................ [ 49%]
.F.................................................................s..s. [ 99%]
.                                                                        [100%]
================================== FAILURES ===================================
_____________________ test_no_bare_raise_exception_in_src _____________________

    def test_no_bare_raise_exception_in_src() -> None:
        """AST scan: no bare raise Exception/RuntimeError anywhere in src/."""
        offenders: list[str] = []
        for py in SRC_ROOT.rglob("*.py"):
            tree = ast.parse(py.read_text(encoding="utf-8"))
            for node in ast.walk(tree):
                if isinstance(node, ast.Raise) and node.exc is None:
                    offenders.append(f"{py.relative_to(SRC_ROOT)}:{node.lineno}")
                if isinstance(node, ast.Raise) and node.exc is not None:
                    name = None
                    if isinstance(node.exc, ast.Call):
                        name = getattr(node.exc.func, "id", None)
                    elif isinstance(node.exc, ast.Name):
                        name = node.exc.id
                    if name in {"Exception", "RuntimeError"}:
                        offenders.append(f"{py.relative_to(SRC_ROOT)}:{node.lineno}")
>       assert offenders == [], f"bare raises found: {offenders}"
E       AssertionError: bare raises found: ['dev_harness\\storage\\retention.py:57', 'dev_harness\\storage\\sqlite_saver.py:63', 'dev_harness\\vcs\\git.py:39']
E       assert ['dev_harness...s\\git.py:39'] == []
E         
E         Left contains 3 more items, first extra item: 'dev_harness\\storage\\retention.py:57'
E         Use -v to get more diff

tests\contracts\test_errors.py:59: AssertionError
=========================== short test summary info ===========================
FAILED tests/contracts/test_errors.py::test_no_bare_raise_exception_in_src - ...
1 failed, 142 passed, 2 skipped in 17.83s
